// Jest Snapshot v1, https://goo.gl/fbAQLP

exports[`Linked List unit tests Set Should successfully set at a given point 1`] = `
Array [
  1,
  2,
  10,
  4,
  5,
  6,
  7,
  8,
  9,
]
`;
