// Jest Snapshot v1, https://goo.gl/fbAQLP

exports[`Merge Sort tests Should properly sort a list of strings 1`] = `
Array [
  "artichoke",
  "banana",
  "celery",
  "eggplant",
  "Kiwi",
  "pineapple",
]
`;

exports[`Merge Sort tests Should properly sort objects 1`] = `
Array [
  Object {
    "firstName": "Peggy",
    "lastName": "Arnold",
  },
  Object {
    "firstName": "Mike",
    "lastName": "Heuss",
  },
  Object {
    "firstName": "Mark",
    "lastName": "LaCroix",
  },
  Object {
    "firstName": "Matt",
    "lastName": "Saben",
  },
  Object {
    "firstName": "John",
    "lastName": "Smith",
  },
]
`;
